=========================
Doctest integer_validator
=========================

Import the class:
>>> bg = BaseGeometry()

>>> bg.integer_validator("my_int", 12)
>>> bg.integer_validator("width", 89)
>>> bg.integer_validator("age", 0)
[ValueError] age must be greater than 0
>>> bg.integer_validator("size", "1")
[TypeError] size must be an integer
>>> bg.integer_validator("distance", "-1")
[ValueError] distance must be greater than 0
